#-----------------------------------------------------------
# Vivado v2018.2.1 (64-bit)
# SW Build 2288692 on Thu Jul 26 18:24:02 MDT 2018
# IP Build 2289599 on Thu Jul 26 21:09:20 MDT 2018
# Start of session at: Fri Apr  5 14:08:31 2019
# Process ID: 7512
# Current directory: C:/Users/mgamlem19/Desktop/super-octo-train/MP2/ALU
# Command line: vivado.exe -gui_launcher_event rodinguilauncherevent9984 C:\Users\mgamlem19\Desktop\super-octo-train\MP2\ALU\ALU.xpr
# Log file: C:/Users/mgamlem19/Desktop/super-octo-train/MP2/ALU/vivado.log
# Journal file: C:/Users/mgamlem19/Desktop/super-octo-train/MP2/ALU\vivado.jou
#-----------------------------------------------------------
start_gui
open_project C:/Users/mgamlem19/Desktop/super-octo-train/MP2/ALU/ALU.xpr
update_compile_order -fileset sources_1
synth_design -rtl -name rtl_1
synth_design -rtl -name rtl_1
synth_design -rtl -name rtl_1
synth_design -rtl -name rtl_1
synth_design -rtl -name rtl_1
synth_design -rtl -name rtl_1
synth_design -rtl -name rtl_1
synth_design -rtl -name rtl_1
synth_design -rtl -name rtl_1
synth_design -rtl -name rtl_1
synth_design -rtl -name rtl_1
synth_design -rtl -name rtl_1
synth_design -rtl -name rtl_1
synth_design -rtl -name rtl_1
synth_design -rtl -name rtl_1
synth_design -rtl -name rtl_1
refresh_design
refresh_design
refresh_design
refresh_design
file mkdir C:/Users/mgamlem19/Desktop/super-octo-train/MP2/ALU/ALU.srcs/sim_1/new
set_property SOURCE_SET sources_1 [get_filesets sim_1]
close [ open C:/Users/mgamlem19/Desktop/super-octo-train/MP2/ALU/ALU.srcs/sim_1/new/ALU_testbench.vhd w ]
add_files -fileset sim_1 C:/Users/mgamlem19/Desktop/super-octo-train/MP2/ALU/ALU.srcs/sim_1/new/ALU_testbench.vhd
update_compile_order -fileset sim_1
launch_simulation
source ALU.tcl
restart
run 10 us
run 10 us
run 10 us
run 10 us
run 10 ns
run 10 ns
run 10 ns
run 10 ns
run 10 ns
run 10 ns
run 10 ns
run 10 ns
run 10 ns
run 10 ns
run 10 ns
run 10 ns
run 10 ns
run 10 ns
update_compile_order -fileset sim_1
launch_simulation
launch_simulation
