#-----------------------------------------------------------
# Vivado v2018.2.1 (64-bit)
# SW Build 2288692 on Thu Jul 26 18:24:02 MDT 2018
# IP Build 2289599 on Thu Jul 26 21:09:20 MDT 2018
# Start of session at: Mon Apr  8 09:01:54 2019
# Process ID: 1820
# Current directory: C:/Users/ushrestha20/Documents/super-octo-train/MP2/ALU
# Command line: vivado.exe -gui_launcher_event rodinguilauncherevent11184 C:\Users\ushrestha20\Documents\super-octo-train\MP2\ALU\ALU.xpr
# Log file: C:/Users/ushrestha20/Documents/super-octo-train/MP2/ALU/vivado.log
# Journal file: C:/Users/ushrestha20/Documents/super-octo-train/MP2/ALU\vivado.jou
#-----------------------------------------------------------
start_gui
open_project C:/Users/ushrestha20/Documents/super-octo-train/MP2/ALU/ALU.xpr
update_compile_order -fileset sources_1
launch_simulation
source ALU_testbench.tcl
add_bp {C:/Users/ushrestha20/Documents/super-octo-train/MP2/ALU/ALU.srcs/sim_1/new/ALU_testbench.vhd} 70
run 40 ns
launch_runs synth_1 -jobs 4
wait_on_run synth_1
launch_runs impl_1 -jobs 4
wait_on_run impl_1
remove_bps -file {C:/Users/ushrestha20/Documents/super-octo-train/MP2/ALU/ALU.srcs/sim_1/new/ALU_testbench.vhd} -line 70
open_run impl_1
run 200 ns
add_bp {C:/Users/ushrestha20/Documents/super-octo-train/MP2/ALU/ALU.srcs/sim_1/new/ALU_testbench.vhd} 43
add_bp {C:/Users/ushrestha20/Documents/super-octo-train/MP2/ALU/ALU.srcs/sim_1/new/ALU_testbench.vhd} 34
add_bp {C:/Users/ushrestha20/Documents/super-octo-train/MP2/ALU/ALU.srcs/sim_1/new/ALU_testbench.vhd} 27
add_bp {C:/Users/ushrestha20/Documents/super-octo-train/MP2/ALU/ALU.srcs/sim_1/new/ALU_testbench.vhd} 47
restart
run 200 ns
step
step
step
step
step
step
step
step
step
step
step
step
step
step
step
step
step
step
step
step
step
step
step
step
step
step
step
step
step
step
step
step
step
step
step
step
step
step
step
step
step
step
step
step
step
step
step
step
step
step
step
step
step
step
run 200 ns
step
step
step
step
step
step
step
step
step
step
step
step
step
step
step
step
step
step
step
step
run 200 ns
step
step
step
step
step
step
step
step
step
step
step
step
step
step
step
step
step
step
step
step
close_sim
launch_simulation
source ALU_testbench.tcl
step
step
step
step
step
step
step
step
step
step
remove_bps -file {C:/Users/ushrestha20/Documents/super-octo-train/MP2/ALU/ALU.srcs/sim_1/new/ALU_testbench.vhd} -line 27
remove_bps -file {C:/Users/ushrestha20/Documents/super-octo-train/MP2/ALU/ALU.srcs/sim_1/new/ALU_testbench.vhd} -line 34
remove_bps -file {C:/Users/ushrestha20/Documents/super-octo-train/MP2/ALU/ALU.srcs/sim_1/new/ALU_testbench.vhd} -line 43
run 200 ns
