Copyright 1986-2018 Xilinx, Inc. All Rights Reserved.
-----------------------------------------------------------------------------------------
| Tool Version : Vivado v.2018.2.1 (win64) Build 2288692 Thu Jul 26 18:24:02 MDT 2018
| Date         : Mon May 13 13:49:53 2019
| Host         : LAB-SCI-214-04 running 64-bit major release  (build 9200)
| Command      : report_control_sets -verbose -file computer_top_control_sets_placed.rpt
| Design       : computer_top
| Device       : xc7a100t
-----------------------------------------------------------------------------------------

Control Set Information

Table of Contents
-----------------
1. Summary
2. Histogram
3. Flip-Flop Distribution
4. Detailed Control Set Information

1. Summary
----------

+----------------------------------------------------------+-------+
|                          Status                          | Count |
+----------------------------------------------------------+-------+
| Number of unique control sets                            |    18 |
| Unused register locations in slices containing registers |    34 |
+----------------------------------------------------------+-------+


2. Histogram
------------

+--------+--------------+
| Fanout | Control Sets |
+--------+--------------+
|      2 |            1 |
|      4 |            2 |
|      8 |            4 |
|     10 |            1 |
|    16+ |           10 |
+--------+--------------+


3. Flip-Flop Distribution
-------------------------

+--------------+-----------------------+------------------------+-----------------+--------------+
| Clock Enable | Synchronous Set/Reset | Asynchronous Set/Reset | Total Registers | Total Slices |
+--------------+-----------------------+------------------------+-----------------+--------------+
| No           | No                    | No                     |               8 |            3 |
| No           | No                    | Yes                    |               0 |            0 |
| No           | Yes                   | No                     |             172 |           26 |
| Yes          | No                    | No                     |               0 |            0 |
| Yes          | No                    | Yes                    |               0 |            0 |
| Yes          | Yes                   | No                     |             258 |           40 |
+--------------+-----------------------+------------------------+-----------------+--------------+


4. Detailed Control Set Information
-----------------------------------

+---------------------------------+--------------------------------------------------------------+------------------------------------------------+------------------+----------------+
|           Clock Signal          |                         Enable Signal                        |                Set/Reset Signal                | Slice Load Count | Bel Load Count |
+---------------------------------+--------------------------------------------------------------+------------------------------------------------+------------------+----------------+
| ~PmodJSTK_Int/iSCLK             | joystick/PmodJSTK_Int/SPI_Ctrl/SS_i_1_n_0                    | joystick/PmodJSTK_Int/SPI_Ctrl/SR[0]           |                1 |              2 |
|  joystick/DispCtrl/DCLK_reg_n_0 |                                                              |                                                |                1 |              4 |
|  CLKM_IBUF_BUFG                 |                                                              |                                                |                2 |              4 |
|  CLKM_IBUF_BUFG                 | joystick/DispCtrl/BtoBCD/tmpSR[19]_i_1__0_n_0                | joystick/PmodJSTK_Int/SPI_Ctrl/SR[0]           |                2 |              8 |
|  CLKM_IBUF_BUFG                 | joystick/DispCtrl/BtoBCD/tmpSR[23]_i_1__0_n_0                | joystick/PmodJSTK_Int/SPI_Ctrl/SR[0]           |                2 |              8 |
|  CLKM_IBUF_BUFG                 | joystick/DispCtrl/BtoBCD/tmpSR[15]_i_1__0_n_0                | joystick/PmodJSTK_Int/SPI_Ctrl/SR[0]           |                2 |              8 |
|  CLKM_IBUF_BUFG                 | joystick/DispCtrl/BtoBCD/tmpSR[27]_i_1__0_n_0                | joystick/PmodJSTK_Int/SPI_Ctrl/SR[0]           |                2 |              8 |
|  CLKM_IBUF_BUFG                 | joystick/DispCtrl/BtoBCD/shiftCount[4]_i_2_n_0               | joystick/DispCtrl/BtoBCD/shiftCount[4]_i_1_n_0 |                2 |             10 |
|  PmodJSTK_Int/iSCLK             | joystick/PmodJSTK_Int/SPI_Int/rSR                            | joystick/PmodJSTK_Int/SPI_Ctrl/SR[0]           |                1 |             16 |
| ~PmodJSTK_Int/iSCLK             | joystick/PmodJSTK_Int/SPI_Int/wSR_0                          | joystick/PmodJSTK_Int/SPI_Ctrl/SR[0]           |                2 |             16 |
|  joystick/DispCtrl/DCLK_reg_n_0 |                                                              | joystick/PmodJSTK_Int/SPI_Ctrl/SR[0]           |                3 |             22 |
|  CLKM_IBUF_BUFG                 | joystick/DispCtrl/BtoBCD/tmpSR[11]_i_1__0_n_0                | joystick/PmodJSTK_Int/SPI_Ctrl/SR[0]           |                6 |             24 |
|  CLKM_IBUF_BUFG                 |                                                              | joystick/DispCtrl/clkCount[15]_i_1__0_n_0      |                4 |             30 |
|  CLKM_IBUF_BUFG                 | joystick/DispCtrl/BtoBCD/BCDOUT[15]_i_1_n_0                  | joystick/PmodJSTK_Int/SPI_Ctrl/SR[0]           |                3 |             32 |
| ~PmodJSTK_Int/iSCLK             |                                                              | joystick/PmodJSTK_Int/SPI_Ctrl/SR[0]           |                8 |             42 |
| ~PmodJSTK_Int/iSCLK             | joystick/PmodJSTK_Int/SPI_Ctrl/FSM_onehot_pState_reg_n_0_[4] | joystick/PmodJSTK_Int/SPI_Ctrl/SR[0]           |                5 |             46 |
|  CLKM_IBUF_BUFG                 |                                                              | joystick/PmodJSTK_Int/SPI_Ctrl/SR[0]           |               11 |             78 |
| ~PmodJSTK_Int/iSCLK             | joystick/PmodJSTK_Int/SPI_Ctrl/tmpSR[39]_i_1_n_0             | joystick/PmodJSTK_Int/SPI_Ctrl/SR[0]           |               12 |             80 |
+---------------------------------+--------------------------------------------------------------+------------------------------------------------+------------------+----------------+


